Using java: /opt/homebrew/opt/openjdk/bin/java
Parsing src/cco-merged/CommonCoreOntologiesMerged.ttl for IRI list ...
Found 1914 CCO IRIs. Generating with 8 parallel workers ...
  100/1914 done
  200/1914 done
  300/1914 done
  400/1914 done
  500/1914 done
  600/1914 done
  700/1914 done
  800/1914 done
  900/1914 done
  1000/1914 done
  1100/1914 done
  1200/1914 done
  1300/1914 done
  1400/1914 done
  1500/1914 done
  1600/1914 done
  1700/1914 done
  1800/1914 done
  1900/1914 done
  1914/1914 done

============================================================
SUMMARY
============================================================
  Total IRIs processed : 1914
  New files            : 33
  Real content changes : 480
  Unchanged            : 1401  (incl. files where only the OWL API version tag differed, normalized away)
  Errors               : 0

NEW FILES (33):
  ont00002000
  ont00002001
  ont00002002
  ont00002003
  ont00002004
  ont00002005
  ont00002006
  ont00002007
  ont00002008
  ont00002009
  ont00002010
  ont00002011
  ont00002012
  ont00002013
  ont00002014
  ont00002037
  ont00002038
  ont00002039
  ont00002040
  ont00002041
  ont00002042
  ont00002043
  ont00002044
  ont00002045
  ont00002066
  ont00002067
  ont00002068
  ont00002069
  ont00002070
  ont00002071
  ont00002073
  ont00002074
  ont00002075

FILES WITH REAL CONTENT CHANGES (480):
  ont00000003
  ont00000008
  ont00000019
  ont00000021
  ont00000022
  ont00000023
  ont00000036
  ont00000047
  ont00000051
  ont00000062
  ont00000063
  ont00000064
  ont00000067
  ont00000069
  ont00000078
  ont00000083
  ont00000087
  ont00000098
  ont00000099
  ont00000102
  ont00000106
  ont00000110
  ont00000113
  ont00000118
  ont00000123
  ont00000127
  ont00000133
  ont00000136
  ont00000140
  ont00000154
  ont00000159
  ont00000162
  ont00000169
  ont00000179
  ont00000183
  ont00000186
  ont00000189
  ont00000190
  ont00000194
  ont00000197
  ont00000205
  ont00000211
  ont00000214
  ont00000215
  ont00000227
  ont00000228
  ont00000249
  ont00000253
  ont00000254
  ont00000261
  ont00000263
  ont00000273
  ont00000275
  ont00000278
  ont00000288
  ont00000289
  ont00000292
  ont00000293
  ont00000300
  ont00000308
  ont00000313
  ont00000314
  ont00000317
  ont00000319
  ont00000322
  ont00000323
  ont00000324
  ont00000328
  ont00000329
  ont00000351
  ont00000353
  ont00000362
  ont00000371
  ont00000379
  ont00000382
  ont00000386
  ont00000391
  ont00000396
  ont00000402
  ont00000403
  ont00000407
  ont00000411
  ont00000419
  ont00000422
  ont00000425
  ont00000433
  ont00000435
  ont00000449
  ont00000451
  ont00000452
  ont00000453
  ont00000457
  ont00000462
  ont00000465
  ont00000466
  ont00000470
  ont00000471
  ont00000472
  ont00000476
  ont00000480
  ont00000482
  ont00000487
  ont00000493
  ont00000495
  ont00000498
  ont00000504
  ont00000512
  ont00000517
  ont00000519
  ont00000530
  ont00000533
  ont00000541
  ont00000544
  ont00000549
  ont00000552
  ont00000556
  ont00000566
  ont00000567
  ont00000569
  ont00000575
  ont00000584
  ont00000591
  ont00000592
  ont00000595
  ont00000597
  ont00000601
  ont00000603
  ont00000606
  ont00000607
  ont00000609
  ont00000614
  ont00000623
  ont00000624
  ont00000626
  ont00000628
  ont00000633
  ont00000635
  ont00000636
  ont00000640
  ont00000643
  ont00000644
  ont00000646
  ont00000650
  ont00000653
  ont00000657
  ont00000665
  ont00000672
  ont00000675
  ont00000678
  ont00000679
  ont00000686
  ont00000692
  ont00000698
  ont00000702
  ont00000703
  ont00000704
  ont00000712
  ont00000719
  ont00000728
  ont00000731
  ont00000732
  ont00000734
  ont00000736
  ont00000738
  ont00000740
  ont00000743
  ont00000752
  ont00000753
  ont00000754
  ont00000756
  ont00000763
  ont00000764
  ont00000767
  ont00000771
  ont00000772
  ont00000779
  ont00000781
  ont00000784
  ont00000787
  ont00000795
  ont00000798
  ont00000799
  ont00000810
  ont00000811
  ont00000822
  ont00000829
  ont00000830
  ont00000841
  ont00000845
  ont00000847
  ont00000853
  ont00000856
  ont00000862
  ont00000874
  ont00000886
  ont00000892
  ont00000893
  ont00000895
  ont00000897
  ont00000900
  ont00000908
  ont00000910
  ont00000914
  ont00000919
  ont00000924
  ont00000932
  ont00000936
  ont00000937
  ont00000944
  ont00000947
  ont00000950
  ont00000951
  ont00000958
  ont00000961
  ont00000964
  ont00000965
  ont00000967
  ont00000970
  ont00000974
  ont00000985
  ont00000989
  ont00000992
  ont00000993
  ont00000994
  ont00000995
  ont00000999
  ont00001002
  ont00001006
  ont00001010
  ont00001015
  ont00001017
  ont00001022
  ont00001028
  ont00001042
  ont00001044
  ont00001045
  ont00001046
  ont00001056
  ont00001064
  ont00001065
  ont00001070
  ont00001084
  ont00001085
  ont00001087
  ont00001092
  ont00001100
  ont00001103
  ont00001108
  ont00001114
  ont00001119
  ont00001124
  ont00001126
  ont00001129
  ont00001133
  ont00001137
  ont00001141
  ont00001146
  ont00001154
  ont00001155
  ont00001156
  ont00001162
  ont00001166
  ont00001169
  ont00001175
  ont00001180
  ont00001187
  ont00001191
  ont00001194
  ont00001196
  ont00001198
  ont00001200
  ont00001206
  ont00001208
  ont00001211
  ont00001213
  ont00001219
  ont00001226
  ont00001227
  ont00001228
  ont00001232
  ont00001237
  ont00001239
  ont00001241
  ont00001243
  ont00001246
  ont00001256
  ont00001262
  ont00001271
  ont00001275
  ont00001289
  ont00001291
  ont00001294
  ont00001298
  ont00001303
  ont00001306
  ont00001316
  ont00001317
  ont00001319
  ont00001322
  ont00001323
  ont00001324
  ont00001326
  ont00001336
  ont00001348
  ont00001350
  ont00001352
  ont00001359
  ont00001364
  ont00001365
  ont00001366
  ont00001367
  ont00001368
  ont00001371
  ont00001374
  ont00001384
  ont00001403
  ont00001408
  ont00001412
  ont00001414
  ont00001417
  ont00001421
  ont00001424
  ont00001430
  ont00001431
  ont00001446
  ont00001454
  ont00001457
  ont00001461
  ont00001480
  ont00001483
  ont00001488
  ont00001500
  ont00001516
  ont00001527
  ont00001529
  ont00001537
  ont00001548
  ont00001550
  ont00001580
  ont00001581
  ont00001590
  ont00001591
  ont00001603
  ont00001607
  ont00001624
  ont00001625
  ont00001628
  ont00001630
  ont00001658
  ont00001660
  ont00001666
  ont00001674
  ont00001692
  ont00001693
  ont00001695
  ont00001700
  ont00001712
  ont00001716
  ont00001723
  ont00001727
  ont00001732
  ont00001753
  ont00001754
  ont00001760
  ont00001763
  ont00001775
  ont00001777
  ont00001778
  ont00001779
  ont00001787
  ont00001791
  ont00001794
  ont00001795
  ont00001796
  ont00001797
  ont00001798
  ont00001801
  ont00001803
  ont00001805
  ont00001807
  ont00001808
  ont00001809
  ont00001810
  ont00001811
  ont00001813
  ont00001814
  ont00001815
  ont00001816
  ont00001817
  ont00001819
  ont00001821
  ont00001822
  ont00001825
  ont00001827
  ont00001830
  ont00001832
  ont00001833
  ont00001834
  ont00001836
  ont00001838
  ont00001841
  ont00001844
  ont00001845
  ont00001847
  ont00001848
  ont00001852
  ont00001855
  ont00001857
  ont00001859
  ont00001862
  ont00001863
  ont00001864
  ont00001866
  ont00001868
  ont00001869
  ont00001870
  ont00001873
  ont00001874
  ont00001875
  ont00001877
  ont00001878
  ont00001879
  ont00001880
  ont00001884
  ont00001886
  ont00001893
  ont00001895
  ont00001896
  ont00001898
  ont00001904
  ont00001908
  ont00001909
  ont00001912
  ont00001913
  ont00001914
  ont00001915
  ont00001916
  ont00001917
  ont00001919
  ont00001920
  ont00001921
  ont00001922
  ont00001923
  ont00001924
  ont00001925
  ont00001928
  ont00001931
  ont00001933
  ont00001936
  ont00001938
  ont00001939
  ont00001940
  ont00001942
  ont00001943
  ont00001944
  ont00001949
  ont00001951
  ont00001954
  ont00001956
  ont00001959
  ont00001962
  ont00001963
  ont00001964
  ont00001965
  ont00001966
  ont00001971
  ont00001976
  ont00001977
  ont00001978
  ont00001980
  ont00001982
  ont00001983
  ont00001984
  ont00001986
  ont00001989
  ont00001990
  ont00001992
  ont00001993
  ont00001998
  ont00001999

Done. 1914 files written to src/cco-iris/
